------------------------------------------------------------
Timing Analyzer Summary
------------------------------------------------------------

Type  : Slow 1100mV 85C Model Setup 'OP[4]'
Slack : -39.609
TNS   : -621.121

Type  : Slow 1100mV 85C Model Setup 'clk'
Slack : -36.370
TNS   : -5550.654

Type  : Slow 1100mV 85C Model Hold 'clk'
Slack : 0.275
TNS   : 0.000

Type  : Slow 1100mV 85C Model Hold 'OP[4]'
Slack : 0.552
TNS   : 0.000

Type  : Slow 1100mV 85C Model Minimum Pulse Width 'clk'
Slack : -0.538
TNS   : -363.229

Type  : Slow 1100mV 85C Model Minimum Pulse Width 'OP[4]'
Slack : 0.127
TNS   : 0.000

Type  : Slow 1100mV 0C Model Setup 'OP[4]'
Slack : -41.260
TNS   : -648.438

Type  : Slow 1100mV 0C Model Setup 'clk'
Slack : -37.858
TNS   : -5488.300

Type  : Slow 1100mV 0C Model Hold 'clk'
Slack : 0.260
TNS   : 0.000

Type  : Slow 1100mV 0C Model Hold 'OP[4]'
Slack : 0.510
TNS   : 0.000

Type  : Slow 1100mV 0C Model Minimum Pulse Width 'clk'
Slack : -0.538
TNS   : -324.593

Type  : Slow 1100mV 0C Model Minimum Pulse Width 'OP[4]'
Slack : 0.164
TNS   : 0.000

Type  : Fast 1100mV 85C Model Setup 'OP[4]'
Slack : -18.380
TNS   : -285.329

Type  : Fast 1100mV 85C Model Setup 'clk'
Slack : -16.661
TNS   : -2895.594

Type  : Fast 1100mV 85C Model Hold 'clk'
Slack : 0.137
TNS   : 0.000

Type  : Fast 1100mV 85C Model Hold 'OP[4]'
Slack : 0.217
TNS   : 0.000

Type  : Fast 1100mV 85C Model Minimum Pulse Width 'clk'
Slack : -0.402
TNS   : -182.832

Type  : Fast 1100mV 85C Model Minimum Pulse Width 'OP[4]'
Slack : 0.266
TNS   : 0.000

Type  : Fast 1100mV 0C Model Setup 'OP[4]'
Slack : -17.374
TNS   : -270.394

Type  : Fast 1100mV 0C Model Setup 'clk'
Slack : -15.592
TNS   : -2539.849

Type  : Fast 1100mV 0C Model Hold 'clk'
Slack : 0.108
TNS   : 0.000

Type  : Fast 1100mV 0C Model Hold 'OP[4]'
Slack : 0.188
TNS   : 0.000

Type  : Fast 1100mV 0C Model Minimum Pulse Width 'clk'
Slack : -0.442
TNS   : -221.272

Type  : Fast 1100mV 0C Model Minimum Pulse Width 'OP[4]'
Slack : 0.314
TNS   : 0.000

------------------------------------------------------------
